// Jest Snapshot v1, https://goo.gl/fbAQLP

exports[`<ListItem /> renders correctly 1`] = `
ShallowWrapper {
  Symbol(enzyme.__root__): [Circular],
  Symbol(enzyme.__unrendered__): <ListItem
    item={
      Object {
        "altmetric_id": 112,
        "details_url": "http://url/detail",
        "images": Object {
          "large": "/img/path/large",
          "medium": "/img/path/medium",
          "small": "/img/path/small",
        },
        "published_on": 430,
        "score": 20,
        "title": "title",
        "url": "http://url",
      }
    }
  />,
  Symbol(enzyme.__renderer__): Object {
    "batchedUpdates": [Function],
    "checkPropTypes": [Function],
    "getNode": [Function],
    "render": [Function],
    "simulateError": [Function],
    "simulateEvent": [Function],
    "unmount": [Function],
  },
  Symbol(enzyme.__node__): Object {
    "instance": null,
    "key": "112",
    "nodeType": "host",
    "props": Object {
      "children": Array [
        <img
          alt="title"
          src="/img/path/small"
        />,
        <span
          className="date-published"
        >
          <span
            className="day"
          >
            4
          </span>
          <span
            className="month"
          >
            Jan
          </span>
          <span
            className="year"
          >
            1970
          </span>
        </span>,
        <div
          className="content"
        >
          <h3>
            title
          </h3>
          <div
            className="details"
          >
            <span
              className="score"
            >
              <FontAwesomeIcon
                border={false}
                className=""
                fixedWidth={false}
                flip={null}
                icon={
                  Object {
                    "icon": Array [
                      536,
                      512,
                      Array [],
                      "f5c0",
                      "M508.55 171.51L362.18 150.2 296.77 17.81C290.89 5.98 279.42 0 267.95 0c-11.4 0-22.79 5.9-28.69 17.81l-65.43 132.38-146.38 21.29c-26.25 3.8-36.77 36.09-17.74 54.59l105.89 103-25.06 145.48C86.98 495.33 103.57 512 122.15 512c4.93 0 10-1.17 14.87-3.75l130.95-68.68 130.94 68.7c4.86 2.55 9.92 3.71 14.83 3.71 18.6 0 35.22-16.61 31.66-37.4l-25.03-145.49 105.91-102.98c19.04-18.5 8.52-50.8-17.73-54.6zm-121.74 123.2l-18.12 17.62 4.28 24.88 19.52 113.45-102.13-53.59-22.38-11.74.03-317.19 51.03 103.29 11.18 22.63 25.01 3.64 114.23 16.63-82.65 80.38z",
                    ],
                    "iconName": "star-half-alt",
                    "prefix": "fas",
                  }
                }
                inverse={false}
                listItem={false}
                mask={null}
                pull={null}
                pulse={false}
                rotation={null}
                size={null}
                spin={false}
                symbol={false}
                title=""
                transform={null}
              />
              <span>
                20
              </span>
            </span>
            <a
              className="source"
              href="http://url/detail"
              rel="noopener noreferrer"
              target="_blank"
            >
              View metrics data...
            </a>
            <a
              className="source"
              href="http://url"
              rel="noopener noreferrer"
              target="_blank"
            >
              Go to source...
            </a>
          </div>
        </div>,
      ],
      "className": "list-item",
    },
    "ref": null,
    "rendered": Array [
      Object {
        "instance": null,
        "key": undefined,
        "nodeType": "host",
        "props": Object {
          "alt": "title",
          "src": "/img/path/small",
        },
        "ref": null,
        "rendered": null,
        "type": "img",
      },
      Object {
        "instance": null,
        "key": undefined,
        "nodeType": "host",
        "props": Object {
          "children": Array [
            <span
              className="day"
            >
              4
            </span>,
            <span
              className="month"
            >
              Jan
            </span>,
            <span
              className="year"
            >
              1970
            </span>,
          ],
          "className": "date-published",
        },
        "ref": null,
        "rendered": Array [
          Object {
            "instance": null,
            "key": undefined,
            "nodeType": "host",
            "props": Object {
              "children": 4,
              "className": "day",
            },
            "ref": null,
            "rendered": 4,
            "type": "span",
          },
          Object {
            "instance": null,
            "key": undefined,
            "nodeType": "host",
            "props": Object {
              "children": "Jan",
              "className": "month",
            },
            "ref": null,
            "rendered": "Jan",
            "type": "span",
          },
          Object {
            "instance": null,
            "key": undefined,
            "nodeType": "host",
            "props": Object {
              "children": 1970,
              "className": "year",
            },
            "ref": null,
            "rendered": 1970,
            "type": "span",
          },
        ],
        "type": "span",
      },
      Object {
        "instance": null,
        "key": undefined,
        "nodeType": "host",
        "props": Object {
          "children": Array [
            <h3>
              title
            </h3>,
            <div
              className="details"
            >
              <span
                className="score"
              >
                <FontAwesomeIcon
                  border={false}
                  className=""
                  fixedWidth={false}
                  flip={null}
                  icon={
                    Object {
                      "icon": Array [
                        536,
                        512,
                        Array [],
                        "f5c0",
                        "M508.55 171.51L362.18 150.2 296.77 17.81C290.89 5.98 279.42 0 267.95 0c-11.4 0-22.79 5.9-28.69 17.81l-65.43 132.38-146.38 21.29c-26.25 3.8-36.77 36.09-17.74 54.59l105.89 103-25.06 145.48C86.98 495.33 103.57 512 122.15 512c4.93 0 10-1.17 14.87-3.75l130.95-68.68 130.94 68.7c4.86 2.55 9.92 3.71 14.83 3.71 18.6 0 35.22-16.61 31.66-37.4l-25.03-145.49 105.91-102.98c19.04-18.5 8.52-50.8-17.73-54.6zm-121.74 123.2l-18.12 17.62 4.28 24.88 19.52 113.45-102.13-53.59-22.38-11.74.03-317.19 51.03 103.29 11.18 22.63 25.01 3.64 114.23 16.63-82.65 80.38z",
                      ],
                      "iconName": "star-half-alt",
                      "prefix": "fas",
                    }
                  }
                  inverse={false}
                  listItem={false}
                  mask={null}
                  pull={null}
                  pulse={false}
                  rotation={null}
                  size={null}
                  spin={false}
                  symbol={false}
                  title=""
                  transform={null}
                />
                <span>
                  20
                </span>
              </span>
              <a
                className="source"
                href="http://url/detail"
                rel="noopener noreferrer"
                target="_blank"
              >
                View metrics data...
              </a>
              <a
                className="source"
                href="http://url"
                rel="noopener noreferrer"
                target="_blank"
              >
                Go to source...
              </a>
            </div>,
          ],
          "className": "content",
        },
        "ref": null,
        "rendered": Array [
          Object {
            "instance": null,
            "key": undefined,
            "nodeType": "host",
            "props": Object {
              "children": "title",
            },
            "ref": null,
            "rendered": "title",
            "type": "h3",
          },
          Object {
            "instance": null,
            "key": undefined,
            "nodeType": "host",
            "props": Object {
              "children": Array [
                <span
                  className="score"
                >
                  <FontAwesomeIcon
                    border={false}
                    className=""
                    fixedWidth={false}
                    flip={null}
                    icon={
                      Object {
                        "icon": Array [
                          536,
                          512,
                          Array [],
                          "f5c0",
                          "M508.55 171.51L362.18 150.2 296.77 17.81C290.89 5.98 279.42 0 267.95 0c-11.4 0-22.79 5.9-28.69 17.81l-65.43 132.38-146.38 21.29c-26.25 3.8-36.77 36.09-17.74 54.59l105.89 103-25.06 145.48C86.98 495.33 103.57 512 122.15 512c4.93 0 10-1.17 14.87-3.75l130.95-68.68 130.94 68.7c4.86 2.55 9.92 3.71 14.83 3.71 18.6 0 35.22-16.61 31.66-37.4l-25.03-145.49 105.91-102.98c19.04-18.5 8.52-50.8-17.73-54.6zm-121.74 123.2l-18.12 17.62 4.28 24.88 19.52 113.45-102.13-53.59-22.38-11.74.03-317.19 51.03 103.29 11.18 22.63 25.01 3.64 114.23 16.63-82.65 80.38z",
                        ],
                        "iconName": "star-half-alt",
                        "prefix": "fas",
                      }
                    }
                    inverse={false}
                    listItem={false}
                    mask={null}
                    pull={null}
                    pulse={false}
                    rotation={null}
                    size={null}
                    spin={false}
                    symbol={false}
                    title=""
                    transform={null}
                  />
                  <span>
                    20
                  </span>
                </span>,
                <a
                  className="source"
                  href="http://url/detail"
                  rel="noopener noreferrer"
                  target="_blank"
                >
                  View metrics data...
                </a>,
                <a
                  className="source"
                  href="http://url"
                  rel="noopener noreferrer"
                  target="_blank"
                >
                  Go to source...
                </a>,
              ],
              "className": "details",
            },
            "ref": null,
            "rendered": Array [
              Object {
                "instance": null,
                "key": undefined,
                "nodeType": "host",
                "props": Object {
                  "children": Array [
                    <FontAwesomeIcon
                      border={false}
                      className=""
                      fixedWidth={false}
                      flip={null}
                      icon={
                        Object {
                          "icon": Array [
                            536,
                            512,
                            Array [],
                            "f5c0",
                            "M508.55 171.51L362.18 150.2 296.77 17.81C290.89 5.98 279.42 0 267.95 0c-11.4 0-22.79 5.9-28.69 17.81l-65.43 132.38-146.38 21.29c-26.25 3.8-36.77 36.09-17.74 54.59l105.89 103-25.06 145.48C86.98 495.33 103.57 512 122.15 512c4.93 0 10-1.17 14.87-3.75l130.95-68.68 130.94 68.7c4.86 2.55 9.92 3.71 14.83 3.71 18.6 0 35.22-16.61 31.66-37.4l-25.03-145.49 105.91-102.98c19.04-18.5 8.52-50.8-17.73-54.6zm-121.74 123.2l-18.12 17.62 4.28 24.88 19.52 113.45-102.13-53.59-22.38-11.74.03-317.19 51.03 103.29 11.18 22.63 25.01 3.64 114.23 16.63-82.65 80.38z",
                          ],
                          "iconName": "star-half-alt",
                          "prefix": "fas",
                        }
                      }
                      inverse={false}
                      listItem={false}
                      mask={null}
                      pull={null}
                      pulse={false}
                      rotation={null}
                      size={null}
                      spin={false}
                      symbol={false}
                      title=""
                      transform={null}
                    />,
                    <span>
                      20
                    </span>,
                  ],
                  "className": "score",
                },
                "ref": null,
                "rendered": Array [
                  Object {
                    "instance": null,
                    "key": undefined,
                    "nodeType": "function",
                    "props": Object {
                      "border": false,
                      "className": "",
                      "fixedWidth": false,
                      "flip": null,
                      "icon": Object {
                        "icon": Array [
                          536,
                          512,
                          Array [],
                          "f5c0",
                          "M508.55 171.51L362.18 150.2 296.77 17.81C290.89 5.98 279.42 0 267.95 0c-11.4 0-22.79 5.9-28.69 17.81l-65.43 132.38-146.38 21.29c-26.25 3.8-36.77 36.09-17.74 54.59l105.89 103-25.06 145.48C86.98 495.33 103.57 512 122.15 512c4.93 0 10-1.17 14.87-3.75l130.95-68.68 130.94 68.7c4.86 2.55 9.92 3.71 14.83 3.71 18.6 0 35.22-16.61 31.66-37.4l-25.03-145.49 105.91-102.98c19.04-18.5 8.52-50.8-17.73-54.6zm-121.74 123.2l-18.12 17.62 4.28 24.88 19.52 113.45-102.13-53.59-22.38-11.74.03-317.19 51.03 103.29 11.18 22.63 25.01 3.64 114.23 16.63-82.65 80.38z",
                        ],
                        "iconName": "star-half-alt",
                        "prefix": "fas",
                      },
                      "inverse": false,
                      "listItem": false,
                      "mask": null,
                      "pull": null,
                      "pulse": false,
                      "rotation": null,
                      "size": null,
                      "spin": false,
                      "symbol": false,
                      "title": "",
                      "transform": null,
                    },
                    "ref": null,
                    "rendered": null,
                    "type": [Function],
                  },
                  Object {
                    "instance": null,
                    "key": undefined,
                    "nodeType": "host",
                    "props": Object {
                      "children": 20,
                    },
                    "ref": null,
                    "rendered": 20,
                    "type": "span",
                  },
                ],
                "type": "span",
              },
              Object {
                "instance": null,
                "key": undefined,
                "nodeType": "host",
                "props": Object {
                  "children": "View metrics data...",
                  "className": "source",
                  "href": "http://url/detail",
                  "rel": "noopener noreferrer",
                  "target": "_blank",
                },
                "ref": null,
                "rendered": "View metrics data...",
                "type": "a",
              },
              Object {
                "instance": null,
                "key": undefined,
                "nodeType": "host",
                "props": Object {
                  "children": "Go to source...",
                  "className": "source",
                  "href": "http://url",
                  "rel": "noopener noreferrer",
                  "target": "_blank",
                },
                "ref": null,
                "rendered": "Go to source...",
                "type": "a",
              },
            ],
            "type": "div",
          },
        ],
        "type": "div",
      },
    ],
    "type": "li",
  },
  Symbol(enzyme.__nodes__): Array [
    Object {
      "instance": null,
      "key": "112",
      "nodeType": "host",
      "props": Object {
        "children": Array [
          <img
            alt="title"
            src="/img/path/small"
          />,
          <span
            className="date-published"
          >
            <span
              className="day"
            >
              4
            </span>
            <span
              className="month"
            >
              Jan
            </span>
            <span
              className="year"
            >
              1970
            </span>
          </span>,
          <div
            className="content"
          >
            <h3>
              title
            </h3>
            <div
              className="details"
            >
              <span
                className="score"
              >
                <FontAwesomeIcon
                  border={false}
                  className=""
                  fixedWidth={false}
                  flip={null}
                  icon={
                    Object {
                      "icon": Array [
                        536,
                        512,
                        Array [],
                        "f5c0",
                        "M508.55 171.51L362.18 150.2 296.77 17.81C290.89 5.98 279.42 0 267.95 0c-11.4 0-22.79 5.9-28.69 17.81l-65.43 132.38-146.38 21.29c-26.25 3.8-36.77 36.09-17.74 54.59l105.89 103-25.06 145.48C86.98 495.33 103.57 512 122.15 512c4.93 0 10-1.17 14.87-3.75l130.95-68.68 130.94 68.7c4.86 2.55 9.92 3.71 14.83 3.71 18.6 0 35.22-16.61 31.66-37.4l-25.03-145.49 105.91-102.98c19.04-18.5 8.52-50.8-17.73-54.6zm-121.74 123.2l-18.12 17.62 4.28 24.88 19.52 113.45-102.13-53.59-22.38-11.74.03-317.19 51.03 103.29 11.18 22.63 25.01 3.64 114.23 16.63-82.65 80.38z",
                      ],
                      "iconName": "star-half-alt",
                      "prefix": "fas",
                    }
                  }
                  inverse={false}
                  listItem={false}
                  mask={null}
                  pull={null}
                  pulse={false}
                  rotation={null}
                  size={null}
                  spin={false}
                  symbol={false}
                  title=""
                  transform={null}
                />
                <span>
                  20
                </span>
              </span>
              <a
                className="source"
                href="http://url/detail"
                rel="noopener noreferrer"
                target="_blank"
              >
                View metrics data...
              </a>
              <a
                className="source"
                href="http://url"
                rel="noopener noreferrer"
                target="_blank"
              >
                Go to source...
              </a>
            </div>
          </div>,
        ],
        "className": "list-item",
      },
      "ref": null,
      "rendered": Array [
        Object {
          "instance": null,
          "key": undefined,
          "nodeType": "host",
          "props": Object {
            "alt": "title",
            "src": "/img/path/small",
          },
          "ref": null,
          "rendered": null,
          "type": "img",
        },
        Object {
          "instance": null,
          "key": undefined,
          "nodeType": "host",
          "props": Object {
            "children": Array [
              <span
                className="day"
              >
                4
              </span>,
              <span
                className="month"
              >
                Jan
              </span>,
              <span
                className="year"
              >
                1970
              </span>,
            ],
            "className": "date-published",
          },
          "ref": null,
          "rendered": Array [
            Object {
              "instance": null,
              "key": undefined,
              "nodeType": "host",
              "props": Object {
                "children": 4,
                "className": "day",
              },
              "ref": null,
              "rendered": 4,
              "type": "span",
            },
            Object {
              "instance": null,
              "key": undefined,
              "nodeType": "host",
              "props": Object {
                "children": "Jan",
                "className": "month",
              },
              "ref": null,
              "rendered": "Jan",
              "type": "span",
            },
            Object {
              "instance": null,
              "key": undefined,
              "nodeType": "host",
              "props": Object {
                "children": 1970,
                "className": "year",
              },
              "ref": null,
              "rendered": 1970,
              "type": "span",
            },
          ],
          "type": "span",
        },
        Object {
          "instance": null,
          "key": undefined,
          "nodeType": "host",
          "props": Object {
            "children": Array [
              <h3>
                title
              </h3>,
              <div
                className="details"
              >
                <span
                  className="score"
                >
                  <FontAwesomeIcon
                    border={false}
                    className=""
                    fixedWidth={false}
                    flip={null}
                    icon={
                      Object {
                        "icon": Array [
                          536,
                          512,
                          Array [],
                          "f5c0",
                          "M508.55 171.51L362.18 150.2 296.77 17.81C290.89 5.98 279.42 0 267.95 0c-11.4 0-22.79 5.9-28.69 17.81l-65.43 132.38-146.38 21.29c-26.25 3.8-36.77 36.09-17.74 54.59l105.89 103-25.06 145.48C86.98 495.33 103.57 512 122.15 512c4.93 0 10-1.17 14.87-3.75l130.95-68.68 130.94 68.7c4.86 2.55 9.92 3.71 14.83 3.71 18.6 0 35.22-16.61 31.66-37.4l-25.03-145.49 105.91-102.98c19.04-18.5 8.52-50.8-17.73-54.6zm-121.74 123.2l-18.12 17.62 4.28 24.88 19.52 113.45-102.13-53.59-22.38-11.74.03-317.19 51.03 103.29 11.18 22.63 25.01 3.64 114.23 16.63-82.65 80.38z",
                        ],
                        "iconName": "star-half-alt",
                        "prefix": "fas",
                      }
                    }
                    inverse={false}
                    listItem={false}
                    mask={null}
                    pull={null}
                    pulse={false}
                    rotation={null}
                    size={null}
                    spin={false}
                    symbol={false}
                    title=""
                    transform={null}
                  />
                  <span>
                    20
                  </span>
                </span>
                <a
                  className="source"
                  href="http://url/detail"
                  rel="noopener noreferrer"
                  target="_blank"
                >
                  View metrics data...
                </a>
                <a
                  className="source"
                  href="http://url"
                  rel="noopener noreferrer"
                  target="_blank"
                >
                  Go to source...
                </a>
              </div>,
            ],
            "className": "content",
          },
          "ref": null,
          "rendered": Array [
            Object {
              "instance": null,
              "key": undefined,
              "nodeType": "host",
              "props": Object {
                "children": "title",
              },
              "ref": null,
              "rendered": "title",
              "type": "h3",
            },
            Object {
              "instance": null,
              "key": undefined,
              "nodeType": "host",
              "props": Object {
                "children": Array [
                  <span
                    className="score"
                  >
                    <FontAwesomeIcon
                      border={false}
                      className=""
                      fixedWidth={false}
                      flip={null}
                      icon={
                        Object {
                          "icon": Array [
                            536,
                            512,
                            Array [],
                            "f5c0",
                            "M508.55 171.51L362.18 150.2 296.77 17.81C290.89 5.98 279.42 0 267.95 0c-11.4 0-22.79 5.9-28.69 17.81l-65.43 132.38-146.38 21.29c-26.25 3.8-36.77 36.09-17.74 54.59l105.89 103-25.06 145.48C86.98 495.33 103.57 512 122.15 512c4.93 0 10-1.17 14.87-3.75l130.95-68.68 130.94 68.7c4.86 2.55 9.92 3.71 14.83 3.71 18.6 0 35.22-16.61 31.66-37.4l-25.03-145.49 105.91-102.98c19.04-18.5 8.52-50.8-17.73-54.6zm-121.74 123.2l-18.12 17.62 4.28 24.88 19.52 113.45-102.13-53.59-22.38-11.74.03-317.19 51.03 103.29 11.18 22.63 25.01 3.64 114.23 16.63-82.65 80.38z",
                          ],
                          "iconName": "star-half-alt",
                          "prefix": "fas",
                        }
                      }
                      inverse={false}
                      listItem={false}
                      mask={null}
                      pull={null}
                      pulse={false}
                      rotation={null}
                      size={null}
                      spin={false}
                      symbol={false}
                      title=""
                      transform={null}
                    />
                    <span>
                      20
                    </span>
                  </span>,
                  <a
                    className="source"
                    href="http://url/detail"
                    rel="noopener noreferrer"
                    target="_blank"
                  >
                    View metrics data...
                  </a>,
                  <a
                    className="source"
                    href="http://url"
                    rel="noopener noreferrer"
                    target="_blank"
                  >
                    Go to source...
                  </a>,
                ],
                "className": "details",
              },
              "ref": null,
              "rendered": Array [
                Object {
                  "instance": null,
                  "key": undefined,
                  "nodeType": "host",
                  "props": Object {
                    "children": Array [
                      <FontAwesomeIcon
                        border={false}
                        className=""
                        fixedWidth={false}
                        flip={null}
                        icon={
                          Object {
                            "icon": Array [
                              536,
                              512,
                              Array [],
                              "f5c0",
                              "M508.55 171.51L362.18 150.2 296.77 17.81C290.89 5.98 279.42 0 267.95 0c-11.4 0-22.79 5.9-28.69 17.81l-65.43 132.38-146.38 21.29c-26.25 3.8-36.77 36.09-17.74 54.59l105.89 103-25.06 145.48C86.98 495.33 103.57 512 122.15 512c4.93 0 10-1.17 14.87-3.75l130.95-68.68 130.94 68.7c4.86 2.55 9.92 3.71 14.83 3.71 18.6 0 35.22-16.61 31.66-37.4l-25.03-145.49 105.91-102.98c19.04-18.5 8.52-50.8-17.73-54.6zm-121.74 123.2l-18.12 17.62 4.28 24.88 19.52 113.45-102.13-53.59-22.38-11.74.03-317.19 51.03 103.29 11.18 22.63 25.01 3.64 114.23 16.63-82.65 80.38z",
                            ],
                            "iconName": "star-half-alt",
                            "prefix": "fas",
                          }
                        }
                        inverse={false}
                        listItem={false}
                        mask={null}
                        pull={null}
                        pulse={false}
                        rotation={null}
                        size={null}
                        spin={false}
                        symbol={false}
                        title=""
                        transform={null}
                      />,
                      <span>
                        20
                      </span>,
                    ],
                    "className": "score",
                  },
                  "ref": null,
                  "rendered": Array [
                    Object {
                      "instance": null,
                      "key": undefined,
                      "nodeType": "function",
                      "props": Object {
                        "border": false,
                        "className": "",
                        "fixedWidth": false,
                        "flip": null,
                        "icon": Object {
                          "icon": Array [
                            536,
                            512,
                            Array [],
                            "f5c0",
                            "M508.55 171.51L362.18 150.2 296.77 17.81C290.89 5.98 279.42 0 267.95 0c-11.4 0-22.79 5.9-28.69 17.81l-65.43 132.38-146.38 21.29c-26.25 3.8-36.77 36.09-17.74 54.59l105.89 103-25.06 145.48C86.98 495.33 103.57 512 122.15 512c4.93 0 10-1.17 14.87-3.75l130.95-68.68 130.94 68.7c4.86 2.55 9.92 3.71 14.83 3.71 18.6 0 35.22-16.61 31.66-37.4l-25.03-145.49 105.91-102.98c19.04-18.5 8.52-50.8-17.73-54.6zm-121.74 123.2l-18.12 17.62 4.28 24.88 19.52 113.45-102.13-53.59-22.38-11.74.03-317.19 51.03 103.29 11.18 22.63 25.01 3.64 114.23 16.63-82.65 80.38z",
                          ],
                          "iconName": "star-half-alt",
                          "prefix": "fas",
                        },
                        "inverse": false,
                        "listItem": false,
                        "mask": null,
                        "pull": null,
                        "pulse": false,
                        "rotation": null,
                        "size": null,
                        "spin": false,
                        "symbol": false,
                        "title": "",
                        "transform": null,
                      },
                      "ref": null,
                      "rendered": null,
                      "type": [Function],
                    },
                    Object {
                      "instance": null,
                      "key": undefined,
                      "nodeType": "host",
                      "props": Object {
                        "children": 20,
                      },
                      "ref": null,
                      "rendered": 20,
                      "type": "span",
                    },
                  ],
                  "type": "span",
                },
                Object {
                  "instance": null,
                  "key": undefined,
                  "nodeType": "host",
                  "props": Object {
                    "children": "View metrics data...",
                    "className": "source",
                    "href": "http://url/detail",
                    "rel": "noopener noreferrer",
                    "target": "_blank",
                  },
                  "ref": null,
                  "rendered": "View metrics data...",
                  "type": "a",
                },
                Object {
                  "instance": null,
                  "key": undefined,
                  "nodeType": "host",
                  "props": Object {
                    "children": "Go to source...",
                    "className": "source",
                    "href": "http://url",
                    "rel": "noopener noreferrer",
                    "target": "_blank",
                  },
                  "ref": null,
                  "rendered": "Go to source...",
                  "type": "a",
                },
              ],
              "type": "div",
            },
          ],
          "type": "div",
        },
      ],
      "type": "li",
    },
  ],
  Symbol(enzyme.__options__): Object {
    "adapter": ReactSixteenAdapter {
      "options": Object {
        "enableComponentDidUpdateOnSetState": true,
        "legacyContextMode": "parent",
        "lifecycles": Object {
          "componentDidUpdate": Object {
            "onSetState": true,
          },
          "getChildContext": Object {
            "calledByRenderer": false,
          },
          "getDerivedStateFromProps": true,
          "getSnapshotBeforeUpdate": true,
          "setState": Object {
            "skipsComponentDidUpdateOnNullish": true,
          },
        },
      },
    },
  },
}
`;
